1 никогда не пиши style в index.html
лучше создать отдельный файл